  probe: build/clang/bin/probe --n 1048576 --log results/mac-m5/probe.txt
  solve_F: build/clang/bin/harness_F --n 1000,10000,100000 --label F --log results/mac-m5/solve_F.txt --csv results/mac-m5/solve.csv
  solve_F_ieee: build/clang/bin/harness_F --n 1000,10000,100000 --label F-ieee --tag nvidia=.rtesz --tag intel=.pszinp --log results/mac-m5/solve_F_ieee.txt --csv results/mac-m5/solve.csv
  solve_F_any: build/clang/bin/harness_F --n 1000,10000,100000 --label F-any --tag intel= --threads 1 --log results/mac-m5/solve_F_any.txt --csv results/mac-m5/solve.csv
  solve_Fdisc: build/clang/bin/harness_Fdisc --n 1000,10000,100000 --label Fdisc --spv gen/Fdisc --threads 1 --log results/mac-m5/solve_Fdisc.txt --csv results/mac-m5/solve.csv
  solve_Fdisc_ieee: build/clang/bin/harness_Fdisc --n 1000,10000,100000 --label Fdisc-ieee --spv gen/Fdisc --tag nvidia=.rtesz --tag intel=.pszinp --threads 1 --log results/mac-m5/solve_Fdisc_ieee.txt --csv results/mac-m5/solve.csv
  solve_Fnocap: build/clang/bin/harness_Fnocap --n 1000,10000 --label Fnocap --spv gen/Fnocap --threads 1 --log results/mac-m5/solve_Fnocap.txt --csv results/mac-m5/solve.csv
  solve_I64: build/clang/bin/harness_I64 --n 1000,10000,100000 --label I64 --log results/mac-m5/solve_I64.txt --csv results/mac-m5/solve.csv
  solve_I32: build/clang/bin/harness_I32 --n 1000,10000,100000 --label I32 --log results/mac-m5/solve_I32.txt --csv results/mac-m5/solve.csv
  solve_V4: build/clang/bin/harness_V4 --n 1000,10000,100000 --label V4 --log results/mac-m5/solve_V4.txt --csv results/mac-m5/solve.csv
  rows_V1: build/clang/bin/rows_V1 --log results/mac-m5/rows_V1.txt --csv results/mac-m5/rows.csv
  rows_V2: build/clang/bin/rows_V2 --log results/mac-m5/rows_V2.txt --csv results/mac-m5/rows.csv
  rows_V3: build/clang/bin/rows_V3 --log results/mac-m5/rows_V3.txt --csv results/mac-m5/rows.csv
  rows_V4: build/clang/bin/rows_V4 --log results/mac-m5/rows_V4.txt --csv results/mac-m5/rows.csv
  rows_V4b: build/clang/bin/rows_V4b --log results/mac-m5/rows_V4b.txt --csv results/mac-m5/rows.csv
  rows_V1_rtesz: build/clang/bin/rows_V1 --spv gen/rows/V1.rtesz.spv --label V1-rtesz --tag .rtesz --log results/mac-m5/rows_V1_rtesz.txt --csv results/mac-m5/rows.csv
  rows_V1_pszinp: build/clang/bin/rows_V1 --spv gen/rows/V1.pszinp.spv --label V1-pszinp --tag .pszinp --log results/mac-m5/rows_V1_pszinp.txt --csv results/mac-m5/rows.csv
  rows_V4_dxc: build/clang/bin/rows_V4 --spv gen/rows/V4.dxc.spv --label V4-dxc --log results/mac-m5/rows_V4_dxc.txt --csv results/mac-m5/rows.csv
  rows_V4_glslang: build/clang/bin/rows_V4 --spv gen/rows/V4.glslang.spv --label V4-glslang --log results/mac-m5/rows_V4_glslang.txt --csv results/mac-m5/rows.csv
  control_F_fma: build/clang/bin/harness_F-fma --n 10000 --label F-fma --threads 1 --gpus 0 --log results/mac-m5/control_F_fma.txt --csv results/mac-m5/solve.csv
  control_F_fast: build/clang/bin/harness_F --n 1000,10000,100000 --label F-fast --spv gen/F-fast --tag intel= --threads 1 --log results/mac-m5/control_F_fast.txt --csv results/mac-m5/solve.csv
  control_rows_V1_fma: build/clang/bin/rows_V1-fma --label V1-fma --gpus 0 --log results/mac-m5/control_rows_V1_fma.txt --csv results/mac-m5/rows.csv
  control_rows_V1_fast: build/clang/bin/rows_V1 --spv gen/rows/V1.fast.spv --label V1-fast --reps 1 --log results/mac-m5/control_rows_V1_fast.txt --csv results/mac-m5/rows.csv
  mulbench: build/clang/bin/mulbench results/mac-m5/mulbench.txt
# GPU lab results: mac-m5

```
machine mac-m5
platform macOS-27.0.1-arm64-arm-64bit
processor arm64
primary compiler clang
twin compilers -
quick False
```

Each twin's hash against reference.json (E11's Windows hashes); each GPU's mismatching words against the twin of
its own run. Positive controls must differ. ms/step at the largest N.

| log | twin | twin vs reference | threads agree | GPUs (mismatching words; ms/step) |
|---|---|---|---|---|
| control_F_fast | clang 21.0.0 (clang-2100.3.34.2), aarch6 | 1000: ok, 10000: ok, 100000: ok | yes | apple: 5280/54007/532813 (4.55 ms) |
| control_F_fma | clang 21.0.0 (clang-2100.3.34.2), aarch6 | 10000: differs (control ok) | yes | - |
| control_rows_V1_fast | clang 21.0.0 (clang-2100.3.34.2), aarch6 | ok | | apple: 641680 rows (3.56 ns/row) |
| control_rows_V1_fma | clang 21.0.0 (clang-2100.3.34.2), aarch6 | differs (control ok) | | - |
| rows_V1 | clang 21.0.0 (clang-2100.3.34.2), aarch6 | ok | | apple: 28 rows (6.42 ns/row) |
| rows_V1_pszinp | clang 21.0.0 (clang-2100.3.34.2), aarch6 | ok | | - |
| rows_V1_rtesz | clang 21.0.0 (clang-2100.3.34.2), aarch6 | ok | | apple: 28 rows (7.05 ns/row) |
| rows_V2 | clang 21.0.0 (clang-2100.3.34.2), aarch6 | ok | | apple: 0 rows (8.87 ns/row) |
| rows_V3 | clang 21.0.0 (clang-2100.3.34.2), aarch6 | ok | | apple: 0 rows (4.98 ns/row) |
| rows_V4 | clang 21.0.0 (clang-2100.3.34.2), aarch6 | ok | | apple: 0 rows (5.23 ns/row) |
| rows_V4_dxc | clang 21.0.0 (clang-2100.3.34.2), aarch6 | ok | | apple: 0 rows (5.07 ns/row) |
| rows_V4_glslang | clang 21.0.0 (clang-2100.3.34.2), aarch6 | ok | | apple: 0 rows (4.92 ns/row) |
| rows_V4b | clang 21.0.0 (clang-2100.3.34.2), aarch6 | ok | | apple: 0 rows (4.03 ns/row) |
| solve_F | clang 21.0.0 (clang-2100.3.34.2), aarch6 | 1000: ok, 10000: ok, 100000: ok | yes | apple: 0/0/0 (7.01 ms) |
| solve_F_any | clang 21.0.0 (clang-2100.3.34.2), aarch6 | 1000: ok, 10000: ok, 100000: ok | yes | apple: 0/0/0 (7.13 ms) |
| solve_F_ieee | clang 21.0.0 (clang-2100.3.34.2), aarch6 | 1000: ok, 10000: ok, 100000: ok | yes | apple: 0/0/0 (7.49 ms) |
| solve_Fdisc | clang 21.0.0 (clang-2100.3.34.2), aarch6 | 1000: ok, 10000: ok, 100000: ok | yes | apple: 825/8056/83452 (7.29 ms) |
| solve_Fdisc_ieee | clang 21.0.0 (clang-2100.3.34.2), aarch6 | 1000: ok, 10000: ok, 100000: ok | yes | apple: 825/8056/83452 (7.31 ms) |
| solve_Fnocap | clang 21.0.0 (clang-2100.3.34.2), aarch6 | 1000: differs (NaN bits, expected off x64), 10000: differs (NaN bits, expected off x64) | yes | apple: 0/0 (1.89 ms) |
| solve_I32 | clang 21.0.0 (clang-2100.3.34.2), aarch6 | 1000: ok, 10000: ok, 100000: ok | yes | apple: 0/0/0 (5.34 ms) |
| solve_I64 | clang 21.0.0 (clang-2100.3.34.2), aarch6 | 1000: ok, 10000: ok, 100000: ok | yes | apple: 0/0/0 (14.93 ms) |
| solve_V4 | clang 21.0.0 (clang-2100.3.34.2), aarch6 | 1000: ok, 10000: ok, 100000: ok | yes | apple: 0/0/0 (6.26 ms) |

**Failures:** none

